<a href="themes/bootswatch-cerulean.html"><img src="images/bootswatch-cerulean.png"></a> 
<div class="caption">
 <div class="section">  
  <h3>Cerulean</h3> 
  <div> 
   <div> 
    <p>content</p> 
   </div> 
  </div> 
  <div class="section">
   section
  </div> 
 </div>
</div>