<div class="section">  
 <h3>Cerulean</h3> 
 <div> 
  <div>  
   <p>content</p> 
  </div> 
 </div> 
 <div class="section">
  section 
 </div> 
</div>